2026-05-26 23:25:14,148 - WARNING -  * Debugger is active!
2026-05-26 23:25:14,150 - INFO -  * Debugger PIN: 927-173-338
2026-05-26 23:25:41,019 - INFO - [31m[1mWARNING: This is a development server. Do not use it in a production deployment. Use a production WSGI server instead.[0m
 * Running on http://127.0.0.1:5000
2026-05-26 23:25:41,019 - INFO - [33mPress CTRL+C to quit[0m
2026-05-26 23:25:41,020 - INFO -  * Restarting with stat
2026-05-26 23:25:41,240 - WARNING -  * Debugger is active!
2026-05-26 23:25:41,241 - INFO -  * Debugger PIN: 927-173-338
2026-05-26 23:25:49,757 - INFO - 127.0.0.1 - - [26/May/2026 23:25:49] "GET / HTTP/1.1" 200 -
2026-05-26 23:32:49,093 - INFO -  * Detected change in 'C:\\Users\\Roger and Cent\\purchasing_friend\\web_ui.py', reloading
2026-05-26 23:32:49,093 - INFO -  * Detected change in 'C:\\Users\\Roger and Cent\\purchasing_friend\\web_ui.py', reloading
2026-05-26 23:32:49,148 - INFO -  * Restarting with stat
2026-05-26 23:32:49,450 - WARNING -  * Debugger is active!
2026-05-26 23:32:49,451 - INFO -  * Debugger PIN: 927-173-338
2026-05-26 23:32:49,468 - WARNING -  * Debugger is active!
2026-05-26 23:32:49,469 - INFO -  * Debugger PIN: 927-173-338
2026-05-26 23:32:49,476 - INFO - 127.0.0.1 - - [26/May/2026 23:32:49] "[31m[1mPOST / HTTP/1.1[0m" 405 -
2026-05-26 23:36:08,819 - INFO -  * Detected change in 'C:\\Users\\Roger and Cent\\purchasing_friend\\scheduler.py', reloading
2026-05-26 23:36:08,825 - INFO -  * Detected change in 'C:\\Users\\Roger and Cent\\purchasing_friend\\scheduler.py', reloading
2026-05-26 23:36:08,871 - INFO -  * Restarting with stat
